50 49 51 42 30 27 17 29 65 64 65 29 28 31 43 30 19 20 33 41 36 33 20 7 1 2 3 16 61 63 71 74 73 70 77 78 81 85 80 69 66 65 25 15 17 28 45 31 30 32 33 36 39 49 52 51 42 30 31 27 19 7 11 12 9 6 1 2 3 14 24 16 64 77 78 81 69 60 45 44 57 56 42 33 22 34 22 33 32 19 27 28 46 60 45 28 27 19 7 8 9 6 1 2 3 15 25 65 26 17 18 4 5 7 11 12 13 37 34 39 49 50
36
49 49 58
29 29
65 65
64 70 64
31 31
43 43
19 19
20 20
41 41
36 36
7 7
3 3
16 16
61 61
63 63
74 74
81 81
85 85
69 69
66 75 67
25 25
45 45
32 32
39 39
52 52
12 12
9 9
24 72
60 60
44 44
56 56
34 34 37
46 46
18 18
4 4
37 47
