43 44 38 33 34 6 3 1 3 5 29 6 17 13 14 16 9 7 41 26 10 11 12 42 25 18 10 23 27 32 47 32 38 44 43
17
33 33 36 37
6 6
3 3
1 1 2 4
5 5
29 29 30
17 17
13 13
14 14
16 16
7 7 40
26 26
11 11
42 42
18 19
32 24
47 49 47 48
