8 1 3 21 22 11 51 74 100 102 100 74 51 11 60 94 95 96 63 11 22 21 3 1 8
14
1 1
3 3
21 21
22 22
11 84 43 102 55 11 128
51 51
74 74
100 129 100 127
102 84 102 55 128
60 60
94 94
95 95
96 96
63 63
