10 12 35 13 10 12 33 36 7 8 27 38 25 32 17 34 33 36 5 32 19 18 44 45 43 13 3 8 7 36 23 1 2 6 39 29 24 11 9 10
22
10 15
35 35
13 13
33 33
36 36
7 7
8 8
38 38
32 32
17 17
34 34
18 18
44 44
45 45
43 43
36 46
23 23
1 16
2 2
39 39
24 4 24
11 11 28
9 9
