17 1 3 4 5 6 8 14 16 18 25 27 28 29 31 32 34 40 42 44 46 51 52 55 57 59 17
25
1 1
3 3
4 4
5 5
6 6
8 8
14 14
16 16
18 18
25 25
27 27
28 28
29 29
31 31
32 32
34 34
40 40
42 42
44 44
46 46
51 51
52 52
55 55
57 57
59 59
