54 53 46 40 42 34 28 22 26 27 17 3 2 4 11 14 4 142 143 137 140 130 136 4 5 7 10 20 13 1 3 16 22 28 34 40 46 52 58 67 68 65 71 70 74 65 58 52 54
26
53 57 53 62
40 40
42 42
28 28
22 18 16
26 26
27 27
2 2
4 4
11 11
14 14
142 142
143 143
140 140
130 125 134
5 5
7 7
10 10
20 20
13 13
1 8
67 67
68 68
71 71
70 80
74 74
