52 37 12 13 15 17 20 43 60 77 60 59 74 75 58 41 18 19 21 24 45 62 79 96 67 49 33 5 8 9 11 13 15 17 19 22 42 43 20 17 16 39 40 14 13 11 9 8 34 49 67 64 47 62 77 61 46 30 31 3 4 34 52
21
52 81
13 13
15 15
43 43
77 77 94 93
74 74
75 75
41 41
19 19
96 96
67 67
33 33 51 4
8 8
9 9
22 22
42 72
16 16
39 39
40 40
47 47
61 61
