41 29 22 24 7 27 22 30 9 7 3 2 6 12 8 11 7 23 40 47 48 59 61 48 40 49 50 52 56 40 42 45 46 29 41
25
29 29
22 22
24 24
7 17
27 27
30 30
3 3
2 2
6 6
12 12
8 8
11 11
23 38
40 40
47 47
48 48
59 59
61 61
49 49
50 50
52 52
56 56
42 42
45 45
46 46
