20 12 31 16 34 7 3 29 37 12 32 18 12 38 8 10 24 12 26 3 2 11 9 2 12 20
18
12 12
31 31
16 16
34 34
7 7
3 3 14
29 29
37 37
12 33 27 6
32 32
18 18
12 19
38 38
8 8
10 25 10 4
24 24
26 26
2 2
11 11
9 9
