159 146 86 12 1 2 3 31 47 66 48 68 50 96 152 113 162 104 32 10 14 17 21 25 26 27 93 94 28 22 18 39 60 111 42 40 110 40 38 57 58 37 14 15 87 15 14 37 58 57 38 40 110 40 42 111 60 39 18 22 28 94 93 27 26 25 21 17 14 10 32 8 83 127 128 129 130 84 145 156 99 12 85 131 176 132 85 12 86 146 159
49
146 146
86 86
12 97 12
1 1
2 2
3 3
31 31
47 47
66 66
48 48
68 68
96 96
152 152
113 113
162 162
10 10
14 14
17 17
21 21
25 25
26 26 43
27 27
93 93
94 94
28 28 103
22 41 22
18 18
39 39
60 60
111 111
40 40
110 171 110 150
38 38
57 57
58 58 118
15 15
87 183 87 136 79 80
83 83
127 127
128 128
129 129
130 130
84 84
145 145
156 156 190
85 85
131 131
176 176
132 132 182
