13 10 17 30 32 37 39 37 32 30 17 10 9 8 13
6
17 17
30 30
37 37
39 39 24 25 59 28
9 9
8 11
