29 36 14 19 21 23 106 15 71 85 86 89 71 15 106 23 21 19 14 36 29
11
36 36
14 14
19 73 19 80
21 21
23 97 23
106 106
15 39 15
71 9 50 71 40
85 85 93
86 86
89 89
