45 29 19 2 20 22 20 24 78 26 34 21 42 26 82 25 83 27 63 23 4 2 1 21 44 28 64 23 70 28 100 29 45
21
29 29 85
19 19
2 1 11 13 15
20 20
22 46 48 52 53 22 54 56 58
24 24 40 73 74 75 76 14
78 78
26 90 68 26 93 16
34 34
21 39 41 36 31
42 42
82 82
25 28 61 88
83 83
27 8
63 63
23 69
44 44
64 64
70 70
100 100
