49 50 51 32 33 34 33 35 97 43 44 46 109 106 88 87 86 75 90 91 54 53 52 73 1 2 4 85 71 72 71 57 55 20 68 20 55 56 60 100 107 67 13 101 18 23 52 53 54 28 99 80 16 104 102 11 70 69 45 44 43 59 58 61 62 31 29 31 50 49
37
50 50
51 66 51
33 33
34 34 19
97 97
43 43
44 44
46 46
109 109
106 106 84
88 88
87 87
86 86
90 90
54 54
53 53
52 52
73 73
1 1
2 2
4 4 40
71 71
72 7 72
57 57
55 55
20 20
68 76 93
60 60
101 101
99 99
80 80
16 16
69 69
58 58
61 61 5
31 31
29 29 30
