13 11 34 11 2 11 17 47 48 17 11 13
6
11 36 39 40 11 44 75 19 23 25 58 57 60 31 32
34 73 34 71
2 9 8
17 52
47 47
48 48
