37 32 33 41 8 7 5 4 3 17 18 44 43 27 19 20 19 26 19 20 22 40 38 21 22 40 8 9 12 13 47 35 28 32 37
21
32 32
8 8
7 7
5 5
4 4
3 3
17 17 14
44 44
43 43
27 27
19 19
20 25 20
26 26 29
40 40
38 38
21 21
9 9
12 12
13 11 13
47 47
35 35
