4 2 1 2 4
2
2 17 2 33 21 28 32
1 1 3 74 75 76 45 50 52 90 92
