106 1 2 65 129 66 130 3 160 161 68 165 4 69 177 6 75 185 10 187 77 1 82 189 84 1 98 191 101 1 106
24
1 1 85 87 88 89 90 92 93 94 102 103 105 107 110 111 113 115 117 118 119 121 124 126
2 2 3 4 6 9 11 12 13 14 19 22 23 24 25 27 28 29 30 31 33 35 37 39 40 41 42 44 45 46 49 50 51 52 53 54 55 58 60
65 65
66 66
130 130
3 131 134 136 138 142 143 144 147 150 153 157 158
160 160
68 68
165 165
4 169 170 171 174
69 69
177 177
6 178 182 183 184
75 75
185 185
10 186
187 187
77 77
82 82
189 189
84 84
98 98
191 191
101 101
