104 74 31 8 31 32 60 31 70 93 62 71 31 73 102 63 75 76 77 31 66 103 63 74 86 89 74 104
16
74 74
31 100 31 72
8 17 50 35 22 8 10 27
32 79 32
60 60
70 70
93 93
71 71
73 73
102 102
75 75 88
76 81 76
77 90 77
103 103
86 86
89 89
