25 26 24 64 15 60 61 69 8 69 61 60 15 61 69 29 31 51 31 49 29 69 61 15 58 59 15 64 24 25
11
26 26
15 65 41
60 60
69 69
8 17 18 70 38 8 13
29 52 29
31 50 31
51 51 84
49 49
58 58
59 59
