15 10 3 1 3 9 10 15 27 26 42 54 43 27 30 39 47 49 32 23 15
11
10 10
3 3
1 1 46 16
9 9
27 27
26 26
54 54
30 30
39 39
47 47
49 49 60 65
