65 49 5 2 3 20 21 59 18 3 4 11 34 72 38 37 47 46 36 96 35 13 14 13 44 6 83 89 22 9 16 28 16 9 52 48 43 60 52 51 103 99 101 103 111 67 94 30 65
33
49 49
5 5
2 2
3 17 3 40
20 20
21 21
59 59
4 4
11 11
34 34
72 72
37 37
47 47
46 46
96 96
13 13 6 85
14 69 14 15
44 44
6 81
83 83
89 89
9 9 149
16 16
28 137 92 28 135
52 52
48 48
60 60
103 103
99 99
101 101
111 111
67 67
94 94
