73 34 11 20 19 11 34 66 37 53 19 34 11 36 11 41 42 38 68 62 37 11 2 11 36 37 56 19 18 55 35 75 37 46 45 17 24 11 23 17 19 11 33 22 11 34 11 29 30 11 34 73
25
34 65 34 67 71 72
11 3 4 5 40 8 11 44 14 47 50 22 25 26 27 28 64
20 20
19 57 19
66 66
37 59 37 63
53 53
36 36 61
41 41
42 42
38 38
68 68
62 77
2 2 6 7
56 56
55 55
75 75
45 45
17 51
24 24
23 23
33 33
22 60
29 29
30 30
